// Jest Snapshot v1, https://goo.gl/fbAQLP

exports[`Currency renders Currency component 1`] = `
<DocumentFragment>
  <div
    class="currency "
  >
    <input
      data-testid="currency-checkbox"
      type="checkbox"
    />
    USD
  </div>
</DocumentFragment>
`;
